// Jest Snapshot v1, https://goo.gl/fbAQLP

exports[`<Profile /> renders the UI as expected 1`] = `
<div
  className="lds-roller"
>
  <div />
  <div />
  <div />
  <div />
  <div />
  <div />
  <div />
  <div />
</div>
`;
